// Jest Snapshot v1, https://goo.gl/fbAQLP

exports[`matches snapshots 1`] = `
<section
  className="card-container"
  data-testid="card-Nagendra Gandla"
  style={
    Object {
      "background": "#ffffff",
    }
  }
>
  <span
    onDoubleClick={[Function]}
  >
    Nagendra Gandla
  </span>
  <div
    onDoubleClick={[Function]}
  >
    **** **** ****
     
    9889
  </div>
  <div>
    <label>
      Expiry
    </label>
    <div
      onDoubleClick={[Function]}
    >
      09/23
    </div>
  </div>
  <div
    className="logo"
  >
    <div
      className="logo-1"
    />
    <div
      className="logo-2"
    />
  </div>
</section>
`;
